[tetiana@localhost ~]$ sudo useradd -m tetiana
[sudo] password for tetiana: 
useradd: user 'tetiana' already exists
[tetiana@localhost ~]$ sudo useradd - tati
Usage: useradd [options] LOGIN
       useradd -D
       useradd -D [options]

Options:
      --badname                 do not check for bad names
  -b, --base-dir BASE_DIR       base directory for the home directory of the
                                new account
      --btrfs-subvolume-home    use BTRFS subvolume for home directory
  -c, --comment COMMENT         GECOS field of the new account
  -d, --home-dir HOME_DIR       home directory of the new account
  -D, --defaults                print or change default useradd configuration
  -e, --expiredate EXPIRE_DATE  expiration date of the new account
  -f, --inactive INACTIVE       password inactivity period of the new account
  -g, --gid GROUP               name or ID of the primary group of the new
                                account
  -G, --groups GROUPS           list of supplementary groups of the new
                                account
  -h, --help                    display this help message and exit
  -k, --skel SKEL_DIR           use this alternative skeleton directory
  -K, --key KEY=VALUE           override /etc/login.defs defaults
  -l, --no-log-init             do not add the user to the lastlog and
                                faillog databases
  -m, --create-home             create the user's home directory
  -M, --no-create-home          do not create the user's home directory
  -N, --no-user-group           do not create a group with the same name as
                                the user
  -o, --non-unique              allow to create users with duplicate
                                (non-unique) UID
  -p, --password PASSWORD       encrypted password of the new account
  -r, --system                  create a system account
  -R, --root CHROOT_DIR         directory to chroot into
  -P, --prefix PREFIX_DIR       prefix directory where are located the /etc/* files
  -s, --shell SHELL             login shell of the new account
  -u, --uid UID                 user ID of the new account
  -U, --user-group              create a group with the same name as the user
  -Z, --selinux-user SEUSER     use a specific SEUSER for the SELinux user mapping

[tetiana@localhost ~]$ sudo useradd -m tati
[tetiana@localhost ~]$ sudo passwd tati
Changing password for user tati.
New password: 
BAD PASSWORD: The password fails the dictionary check - it is based on a dictionary word
Retype new password: 
passwd: all authentication tokens updated successfully.
[tetiana@localhost ~]$ sudo user mod -aG wheel tati
sudo: user: command not found
[tetiana@localhost ~]$ sudo usermod -aG wheel tati
[tetiana@localhost ~]$ groups tati
tati : tati wheel
[tetiana@localhost ~]$ su tati
Password: 
[tati@localhost tetiana]$ ls
ls: cannot open directory '.': Permission denied
[tati@localhost tetiana]$ cd
[tati@localhost ~]$ cd ~
[tati@localhost ~]$ pwd
/home/tati
[tati@localhost ~]$ mkdir tati
[tati@localhost ~]$ ls
tati
[tati@localhost ~]$ cd tati
[tati@localhost tati]$ touch agameriants.txt
[tati@localhost tati]$ ln -s agameriants.txt link_agameriants.txt
[tati@localhost tati]$ ls -al
total 0
drwxr-xr-x. 2 tati tati  57 Feb 10 04:46 .
drwx------. 4 tati tati 110 Feb 10 04:45 ..
-rw-r--r--. 1 tati tati   0 Feb 10 04:46 agameriants.txt
lrwxrwxrwx. 1 tati tati  15 Feb 10 04:46 link_agameriants.txt -> agameriants.txt
[tati@localhost tati]$ cp agameriants.txt /agameriants.txt
cp: cannot create regular file '/agameriants.txt': Permission denied
[tati@localhost tati]$ sudo cp agameriants.txt /agameriants.txt

We trust you have received the usual lecture from the local System
Administrator. It usually boils down to these three things:

    #1) Respect the privacy of others.
    #2) Think before you type.
    #3) With great power comes great responsibility.

[sudo] password for tati: 
[tati@localhost tati]$ cd /
[tati@localhost /]$ ls -la
total 24
dr-xr-xr-x.  18 root root  258 Feb 10 04:49 .
dr-xr-xr-x.  18 root root  258 Feb 10 04:49 ..
dr-xr-xr-x.   2 root root    6 Oct 26 09:09 afs
-rw-r--r--.   1 root root    0 Feb 10 04:49 agameriants.txt
lrwxrwxrwx.   1 root root    7 Oct 26 09:09 bin -> usr/bin
dr-xr-xr-x.   7 root root 4096 Feb  5 14:08 boot
drwxr-xr-x.  20 root root 3980 Feb 10 04:38 dev
drwxr-xr-x. 131 root root 8192 Feb 10 04:42 etc
drwxr-xr-x.   4 root root   33 Feb 10 04:40 home
lrwxrwxrwx.   1 root root    7 Oct 26 09:09 lib -> usr/lib
lrwxrwxrwx.   1 root root    9 Oct 26 09:09 lib64 -> usr/lib64
drwxr-xr-x.   2 root root    6 Oct 26 09:09 media
drwxr-xr-x.   2 root root    6 Oct 26 09:09 mnt
drwxr-xr-x.   2 root root    6 Oct 26 09:09 opt
dr-xr-xr-x. 350 root root    0 Feb  5 14:08 proc
dr-xr-x---.   4 root root  156 Feb  5 16:55 root
drwxr-xr-x.  44 root root 1160 Feb  9 06:11 run
lrwxrwxrwx.   1 root root    8 Oct 26 09:09 sbin -> usr/sbin
drwxr-xr-x.   2 root root    6 Oct 26 09:09 srv
dr-xr-xr-x.  12 root root    0 Feb  5 14:08 sys
drwxrwxrwt.  19 root root 4096 Feb 10 03:24 tmp
drwxr-xr-x.  12 root root  144 Feb  5 13:30 usr
drwxr-xr-x.  20 root root 4096 Feb  5 13:35 var
[tati@localhost /]$ sudo chmod 644 agameriants.txt
[tati@localhost /]$ ls -al
total 24
dr-xr-xr-x.  18 root root  258 Feb 10 04:49 .
dr-xr-xr-x.  18 root root  258 Feb 10 04:49 ..
dr-xr-xr-x.   2 root root    6 Oct 26 09:09 afs
-rw-r--r--.   1 root root    0 Feb 10 04:49 agameriants.txt
lrwxrwxrwx.   1 root root    7 Oct 26 09:09 bin -> usr/bin
dr-xr-xr-x.   7 root root 4096 Feb  5 14:08 boot
drwxr-xr-x.  20 root root 3980 Feb 10 04:38 dev
drwxr-xr-x. 131 root root 8192 Feb 10 04:42 etc
drwxr-xr-x.   4 root root   33 Feb 10 04:40 home
lrwxrwxrwx.   1 root root    7 Oct 26 09:09 lib -> usr/lib
lrwxrwxrwx.   1 root root    9 Oct 26 09:09 lib64 -> usr/lib64
drwxr-xr-x.   2 root root    6 Oct 26 09:09 media
drwxr-xr-x.   2 root root    6 Oct 26 09:09 mnt
drwxr-xr-x.   2 root root    6 Oct 26 09:09 opt
dr-xr-xr-x. 350 root root    0 Feb  5 14:08 proc
dr-xr-x---.   4 root root  156 Feb  5 16:55 root
drwxr-xr-x.  44 root root 1160 Feb  9 06:11 run
lrwxrwxrwx.   1 root root    8 Oct 26 09:09 sbin -> usr/sbin
drwxr-xr-x.   2 root root    6 Oct 26 09:09 srv
dr-xr-xr-x.  12 root root    0 Feb  5 14:08 sys
drwxrwxrwt.  19 root root 4096 Feb 10 03:24 tmp
drwxr-xr-x.  12 root root  144 Feb  5 13:30 usr
drwxr-xr-x.  20 root root 4096 Feb  5 13:35 var
[tati@localhost /]$ ls -al
total 24
dr-xr-xr-x.  18 root root  258 Feb 10 04:49 .